
C:\Users\sabas\Documentos\ecommerce-platform>if "Windows_NT" == "Windows_NT" setlocal

C:\Users\sabas\Documentos\ecommerce-platform>set DIRNAME=C:\Users\sabas\Documentos\ecommerce-platform\ 

C:\Users\sabas\Documentos\ecommerce-platform>if "C:\Users\sabas\Documentos\ecommerce-platform\" == "" set DIRNAME=. 

C:\Users\sabas\Documentos\ecommerce-platform>set APP_BASE_NAME=gradlew 

C:\Users\sabas\Documentos\ecommerce-platform>set APP_HOME=C:\Users\sabas\Documentos\ecommerce-platform\ 

C:\Users\sabas\Documentos\ecommerce-platform>for %i in ("C:\Users\sabas\Documentos\ecommerce-platform\") do set APP_HOME=%~fi 

C:\Users\sabas\Documentos\ecommerce-platform>set APP_HOME=C:\Users\sabas\Documentos\ecommerce-platform\ 

C:\Users\sabas\Documentos\ecommerce-platform>set DEFAULT_JVM_OPTS= 

C:\Users\sabas\Documentos\ecommerce-platform>if defined JAVA_HOME goto findJavaFromJavaHome 

C:\Users\sabas\Documentos\ecommerce-platform>set JAVA_HOME=C:\Program Files\Eclipse Adoptium\jdk-21.0.11.10-hotspot 

C:\Users\sabas\Documentos\ecommerce-platform>set JAVA_EXE=C:\Program Files\Eclipse Adoptium\jdk-21.0.11.10-hotspot/bin/java.exe 

C:\Users\sabas\Documentos\ecommerce-platform>if exist "C:\Program Files\Eclipse Adoptium\jdk-21.0.11.10-hotspot/bin/java.exe" goto execute 

C:\Users\sabas\Documentos\ecommerce-platform>set CLASSPATH=C:\Users\sabas\Documentos\ecommerce-platform\\gradle\wrapper\gradle-wrapper.jar 

C:\Users\sabas\Documentos\ecommerce-platform>"C:\Program Files\Eclipse Adoptium\jdk-21.0.11.10-hotspot/bin/java.exe"    "-Dorg.gradle.appname=gradlew" -classpath "C:\Users\sabas\Documentos\ecommerce-platform\\gradle\wrapper\gradle-wrapper.jar" org.gradle.wrapper.GradleWrapperMain compileJava 
Starting a Gradle Daemon, 4 busy and 1 incompatible and 9 stopped Daemons could not be reused, use --status for details

> Task :compileJava FAILED
.\gradlew.bat : C:\Users\sabas\Documentos\ecommerce-platform\src\main\java\com\ecommerce\modules\order\domain\OrderStatusHistory.java:16: error: class OrderHistorialEstados is public, should be declared in a 
file named OrderHistorialEstados.java
En línea: 1 Carácter: 93
+ ... $env:HTTP_PROXY); .\gradlew.bat compileJava > compile_output.txt 2>&1
+                       ~~~~~~~~~~~~~~~~~~~~~~~~~~~~~~~~~~~~~~~~~~~~~~~~~~~
    + CategoryInfo          : NotSpecified: (C:\Users\sabas\...ialEstados.java:String) [], RemoteException
    + FullyQualifiedErrorId : NativeCommandError
 
public class OrderHistorialEstados extends BaseEntity {
       ^
C:\Users\sabas\Documentos\ecommerce-platform\src\main\java\com\ecommerce\modules\shared\domain\TenantAwareEntity.java:15: error: cannot find symbol
@FilterDef(nombre = "tenantFilter", parameters = @ParamDef(nombre = "idTienda", type = UUID.class))
           ^
  symbol:   method nombre()
  location: @interface FilterDef
C:\Users\sabas\Documentos\ecommerce-platform\src\main\java\com\ecommerce\modules\shared\domain\TenantAwareEntity.java:15: error: cannot find symbol
@FilterDef(nombre = "tenantFilter", parameters = @ParamDef(nombre = "idTienda", type = UUID.class))
                                                           ^
  symbol:   method nombre()
  location: @interface ParamDef
C:\Users\sabas\Documentos\ecommerce-platform\src\main\java\com\ecommerce\modules\shared\domain\TenantAwareEntity.java:16: error: cannot find symbol
@Filter(nombre = "tenantFilter", condition = "tenant_id = :idTienda")
        ^
  symbol:   method nombre()
  location: @interface Filter
C:\Users\sabas\Documentos\ecommerce-platform\src\main\java\com\ecommerce\modules\identity\domain\User.java:46: error: cannot find symbol
    @CollectionTable(nombre = "user_roles", joinColumns = @JoinColumn(name = "user_id"))
                     ^
  symbol:   method nombre()
  location: @interface CollectionTable
C:\Users\sabas\Documentos\ecommerce-platform\src\main\java\com\ecommerce\modules\shared\infrastructure\OpenApiConfig.java:17: error: cannot find symbol
                descripcion = "Documentaci├│n de la API para la Plataforma SaaS Multi-Tenant de E-Commerce",
                ^
  symbol:   method descripcion()
  location: @interface Info
C:\Users\sabas\Documentos\ecommerce-platform\src\main\java\com\ecommerce\modules\shared\infrastructure\OpenApiConfig.java:20: error: cannot find symbol
                        nombre = "Soporte T├®cnico",
                        ^
  symbol:   method nombre()
  location: @interface Contact
C:\Users\sabas\Documentos\ecommerce-platform\src\main\java\com\ecommerce\modules\shared\infrastructure\OpenApiConfig.java:26: error: cannot find symbol
                        descripcion = "Entorno Local",
                        ^
  symbol:   method descripcion()
  location: @interface Server
C:\Users\sabas\Documentos\ecommerce-platform\src\main\java\com\ecommerce\modules\shared\infrastructure\OpenApiConfig.java:31: error: cannot find symbol
                @SecurityRequirement(nombre = "bearerAuth")
                                     ^
  symbol:   method nombre()
  location: @interface SecurityRequirement
C:\Users\sabas\Documentos\ecommerce-platform\src\main\java\com\ecommerce\modules\shared\infrastructure\OpenApiConfig.java:35: error: cannot find symbol
        nombre = "bearerAuth",
        ^
  symbol:   method nombre()
  location: @interface SecurityScheme
C:\Users\sabas\Documentos\ecommerce-platform\src\main\java\com\ecommerce\modules\shared\infrastructure\OpenApiConfig.java:36: error: cannot find symbol
        descripcion = "Autenticaci├│n por Token JWT. Por favor ingrese su token JWT abajo. No incluya el prefijo 'Bearer ', se a├▒ade autom├íticamente.",
        ^
  symbol:   method descripcion()
  location: @interface SecurityScheme
C:\Users\sabas\Documentos\ecommerce-platform\src\main\java\com\ecommerce\modules\shared\domain\TenantAwareEntity.java:15: error: annotation @ParamDef is missing a default value for the element 'name'
@FilterDef(nombre = "tenantFilter", parameters = @ParamDef(nombre = "idTienda", type = UUID.class))
                                                 ^
C:\Users\sabas\Documentos\ecommerce-platform\src\main\java\com\ecommerce\modules\shared\domain\TenantAwareEntity.java:15: error: annotation @FilterDef is missing a default value for the element 'name'
@FilterDef(nombre = "tenantFilter", parameters = @ParamDef(nombre = "idTienda", type = UUID.class))
^
C:\Users\sabas\Documentos\ecommerce-platform\src\main\java\com\ecommerce\modules\shared\domain\TenantAwareEntity.java:16: error: annotation @Filter is missing a default value for the element 'name'
@Filter(nombre = "tenantFilter", condition = "tenant_id = :idTienda")
^
C:\Users\sabas\Documentos\ecommerce-platform\src\main\java\com\ecommerce\modules\shared\infrastructure\OpenApiConfig.java:31: error: annotation @SecurityRequirement is missing a default value for the element 
'name'
                @SecurityRequirement(nombre = "bearerAuth")
                ^
C:\Users\sabas\Documentos\ecommerce-platform\src\main\java\com\ecommerce\modules\cart\application\CartService.java:37: error: cannot find symbol
            cart.setId(key);
                ^
  symbol:   method setId(String)
  location: variable cart of type Cart
C:\Users\sabas\Documentos\ecommerce-platform\src\main\java\com\ecommerce\modules\cart\application\CartService.java:38: error: cannot find symbol
            cart.setIdTienda(idTienda);
                ^
  symbol:   method setIdTienda(UUID)
  location: variable cart of type Cart
C:\Users\sabas\Documentos\ecommerce-platform\src\main\java\com\ecommerce\modules\cart\application\CartService.java:48: error: cannot find symbol
            cart.setId(key);
                ^
  symbol:   method setId(String)
  location: variable cart of type Cart
C:\Users\sabas\Documentos\ecommerce-platform\src\main\java\com\ecommerce\modules\cart\application\CartService.java:49: error: cannot find symbol
            cart.setIdTienda(idTienda);
                ^
  symbol:   method setIdTienda(UUID)
  location: variable cart of type Cart
C:\Users\sabas\Documentos\ecommerce-platform\src\main\java\com\ecommerce\modules\cart\application\CartService.java:94: error: cannot find symbol
        guestCart.getArticulos().forEach(userCart::agregarArticulo);
                 ^
  symbol:   method getArticulos()
  location: variable guestCart of type Cart
C:\Users\sabas\Documentos\ecommerce-platform\src\main\java\com\ecommerce\modules\cart\application\CartService.java:100: error: cannot find symbol
        Product product = productRepository.findById(item.getIdProducto())
                                                         ^
  symbol:   method getIdProducto()
  location: variable item of type CartItem
C:\Users\sabas\Documentos\ecommerce-platform\src\main\java\com\ecommerce\modules\cart\application\CartService.java:101: error: cannot find symbol
                .orElseThrow(() -> new EntityNotFoundException("Product", item.getIdProducto()));
                                                                              ^
  symbol:   method getIdProducto()
  location: variable item of type CartItem
C:\Users\sabas\Documentos\ecommerce-platform\src\main\java\com\ecommerce\modules\cart\application\CartService.java:103: error: cannot find symbol
        if (!product.getIdTienda().equals(item.getIdTienda())) {
                    ^
  symbol:   method getIdTienda()
  location: variable product of type Product
C:\Users\sabas\Documentos\ecommerce-platform\src\main\java\com\ecommerce\modules\cart\application\CartService.java:103: error: cannot find symbol
        if (!product.getIdTienda().equals(item.getIdTienda())) {
                                              ^
  symbol:   method getIdTienda()
  location: variable item of type CartItem
C:\Users\sabas\Documentos\ecommerce-platform\src\main\java\com\ecommerce\modules\cart\application\CartService.java:124: error: cannot find symbol
            redisTemplate.opsForValue().set(cart.getId(), cart, CART_TTL);
                                                ^
  symbol:   method getId()
  location: variable cart of type Cart
C:\Users\sabas\Documentos\ecommerce-platform\src\main\java\com\ecommerce\modules\cart\application\CartService.java:126: error: cannot find symbol
            log.error("Failed to save cart to Redis: {}", cart.getId(), e);
                                                              ^
  symbol:   method getId()
  location: variable cart of type Cart
C:\Users\sabas\Documentos\ecommerce-platform\src\main\java\com\ecommerce\modules\catalog\domain\Product.java:119: error: cannot find symbol
                this.getId(),
                    ^
  symbol: method getId()
C:\Users\sabas\Documentos\ecommerce-platform\src\main\java\com\ecommerce\modules\catalog\domain\Product.java:120: error: cannot find symbol
                this.getIdTienda(),
                    ^
  symbol: method getIdTienda()
C:\Users\sabas\Documentos\ecommerce-platform\src\main\java\com\ecommerce\modules\catalog\domain\Product.java:121: error: cannot find symbol
                this.getNombre(),
                    ^
  symbol: method getNombre()
C:\Users\sabas\Documentos\ecommerce-platform\src\main\java\com\ecommerce\modules\catalog\domain\Product.java:122: error: cannot find symbol
                this.getSlug(),
                    ^
  symbol: method getSlug()
C:\Users\sabas\Documentos\ecommerce-platform\src\main\java\com\ecommerce\modules\catalog\domain\Product.java:123: error: cannot find symbol
                this.getDescripcion(),
                    ^
  symbol: method getDescripcion()
C:\Users\sabas\Documentos\ecommerce-platform\src\main\java\com\ecommerce\modules\catalog\domain\Product.java:124: error: cannot find symbol
                this.getEstado().nombre()
                    ^
  symbol: method getEstado()
C:\Users\sabas\Documentos\ecommerce-platform\src\main\java\com\ecommerce\modules\cart\domain\Cart.java:32: error: cannot find symbol
        Optional<CartItem> existing = encontrarArticulo(nuevoArticulo.getIdProducto(), nuevoArticulo.getIdVariante());
                                                                     ^
  symbol:   method getIdProducto()
  location: variable nuevoArticulo of type CartItem
C:\Users\sabas\Documentos\ecommerce-platform\src\main\java\com\ecommerce\modules\cart\domain\Cart.java:32: error: cannot find symbol
        Optional<CartItem> existing = encontrarArticulo(nuevoArticulo.getIdProducto(), nuevoArticulo.getIdVariante());
                                                                                                    ^
  symbol:   method getIdVariante()
  location: variable nuevoArticulo of type CartItem
C:\Users\sabas\Documentos\ecommerce-platform\src\main\java\com\ecommerce\modules\cart\domain\Cart.java:35: error: cannot find symbol
            item.setCantidad(item.getCantidad() + nuevoArticulo.getCantidad());
                                 ^
  symbol:   method getCantidad()
  location: variable item of type CartItem
C:\Users\sabas\Documentos\ecommerce-platform\src\main\java\com\ecommerce\modules\cart\domain\Cart.java:35: error: cannot find symbol
            item.setCantidad(item.getCantidad() + nuevoArticulo.getCantidad());
                                                               ^
  symbol:   method getCantidad()
  location: variable nuevoArticulo of type CartItem
C:\Users\sabas\Documentos\ecommerce-platform\src\main\java\com\ecommerce\modules\cart\domain\Cart.java:43: error: cannot find symbol
                item.getIdProducto().equals(idProducto) &&
                    ^
  symbol:   method getIdProducto()
  location: variable item of type CartItem
C:\Users\sabas\Documentos\ecommerce-platform\src\main\java\com\ecommerce\modules\cart\domain\Cart.java:44: error: cannot find symbol
                        (idVariante == null || idVariante.equals(item.getIdVariante())));
                                                                     ^
  symbol:   method getIdVariante()
  location: variable item of type CartItem
C:\Users\sabas\Documentos\ecommerce-platform\src\main\java\com\ecommerce\modules\cart\domain\Cart.java:52: error: cannot find symbol
        encontrarArticulo(idProducto, idVariante).ifPresent(item -> item.setCantidad(cantidad));
                                                                        ^
  symbol:   method setCantidad(int)
  location: variable item of type CartItem
C:\Users\sabas\Documentos\ecommerce-platform\src\main\java\com\ecommerce\modules\cart\domain\Cart.java:56: error: cannot find symbol
        articulos.limpiar();
                 ^
  symbol:   method limpiar()
  location: variable articulos of type List<CartItem>
C:\Users\sabas\Documentos\ecommerce-platform\src\main\java\com\ecommerce\modules\cart\domain\Cart.java:60: error: invalid method reference
        return articulos.stream().mapToInt(CartItem::getCantidad).sum();
                                           ^
  cannot find symbol
    symbol:   method getCantidad(T)
    location: class CartItem
  where T is a type-variable:
    T extends Object declared in interface Stream
C:\Users\sabas\Documentos\ecommerce-platform\src\main\java\com\ecommerce\modules\cart\domain\Cart.java:74: error: cannot find symbol
        return articulos.estaVacio();
                        ^
  symbol:   method estaVacio()
  location: variable articulos of type List<CartItem>
C:\Users\sabas\Documentos\ecommerce-platform\src\main\java\com\ecommerce\modules\cart\domain\Cart.java:80: error: cannot find symbol
                    boolean sameProduct = item.getIdProducto().equals(idProducto);
                                              ^
  symbol:   method getIdProducto()
  location: variable item of type CartItem
C:\Users\sabas\Documentos\ecommerce-platform\src\main\java\com\ecommerce\modules\cart\domain\Cart.java:81: error: cannot find symbol
                    boolean sameVariant = (idVariante == null && item.getIdVariante() == null) ||
                                                                     ^
  symbol:   method getIdVariante()
  location: variable item of type CartItem
C:\Users\sabas\Documentos\ecommerce-platform\src\main\java\com\ecommerce\modules\cart\domain\Cart.java:82: error: cannot find symbol
                            (idVariante != null && idVariante.equals(item.getIdVariante()));
                                                                         ^
  symbol:   method getIdVariante()
  location: variable item of type CartItem
C:\Users\sabas\Documentos\ecommerce-platform\src\main\java\com\ecommerce\modules\catalog\domain\ProductVariant.java:53: error: cannot find symbol
        return product != null ? product.getPrecio() : null;
                                        ^
  symbol:   method getPrecio()
  location: variable product of type Product
C:\Users\sabas\Documentos\ecommerce-platform\src\main\java\com\ecommerce\modules\cart\infrastructure\CartController.java:49: error: cannot find symbol
        item.setIdTienda(TenantContext.getIdTienda());
            ^
  symbol:   method setIdTienda(UUID)
  location: variable item of type CartItem
C:\Users\sabas\Documentos\ecommerce-platform\src\main\java\com\ecommerce\modules\identity\application\CustomUserDetails.java:22: error: cannot find symbol
        this.userId = user.getId();
                          ^
  symbol:   method getId()
  location: variable user of type User
C:\Users\sabas\Documentos\ecommerce-platform\src\main\java\com\ecommerce\modules\identity\application\CustomUserDetails.java:23: error: cannot find symbol
        this.correo = user.getCorreo();
                          ^
  symbol:   method getCorreo()
  location: variable user of type User
C:\Users\sabas\Documentos\ecommerce-platform\src\main\java\com\ecommerce\modules\identity\application\CustomUserDetails.java:24: error: cannot find symbol
        this.contrasena = user.getHashContrasena();
                              ^
  symbol:   method getHashContrasena()
  location: variable user of type User
C:\Users\sabas\Documentos\ecommerce-platform\src\main\java\com\ecommerce\modules\identity\application\CustomUserDetails.java:25: error: cannot find symbol
        this.enabled = user.isEnabled();
                           ^
  symbol:   method isEnabled()
  location: variable user of type User
C:\Users\sabas\Documentos\ecommerce-platform\src\main\java\com\ecommerce\modules\identity\application\CustomUserDetails.java:26: error: cannot find symbol
        this.authorities = user.getRoles().stream()
                               ^
  symbol:   method getRoles()
  location: variable user of type User
C:\Users\sabas\Documentos\ecommerce-platform\src\main\java\com\ecommerce\modules\catalog\application\CreateCategoryUseCase.java:22: error: cannot find symbol
        category.setIdTienda(idTienda);
                ^
  symbol:   method setIdTienda(UUID)
  location: variable category of type Category
C:\Users\sabas\Documentos\ecommerce-platform\src\main\java\com\ecommerce\modules\catalog\application\CreateCategoryUseCase.java:23: error: cannot find symbol
        category.setNombre(request.getNombre());
                                  ^
  symbol:   method getNombre()
  location: variable request of type CreateCategoryRequest
C:\Users\sabas\Documentos\ecommerce-platform\src\main\java\com\ecommerce\modules\catalog\application\CreateCategoryUseCase.java:24: error: cannot find symbol
        category.setSlug(request.getSlug());
                                ^
  symbol:   method getSlug()
  location: variable request of type CreateCategoryRequest
C:\Users\sabas\Documentos\ecommerce-platform\src\main\java\com\ecommerce\modules\catalog\application\CreateCategoryUseCase.java:25: error: cannot find symbol
        category.setDescripcion(request.getDescripcion());
                                       ^
  symbol:   method getDescripcion()
  location: variable request of type CreateCategoryRequest
C:\Users\sabas\Documentos\ecommerce-platform\src\main\java\com\ecommerce\modules\catalog\application\CreateCategoryUseCase.java:26: error: cannot find symbol
        category.setUrlImagen(request.getUrlImagen());
                                     ^
  symbol:   method getUrlImagen()
  location: variable request of type CreateCategoryRequest
C:\Users\sabas\Documentos\ecommerce-platform\src\main\java\com\ecommerce\modules\catalog\application\CreateCategoryUseCase.java:28: error: cannot find symbol
        if (request.getIdPadre() != null) {
                   ^
  symbol:   method getIdPadre()
  location: variable request of type CreateCategoryRequest
C:\Users\sabas\Documentos\ecommerce-platform\src\main\java\com\ecommerce\modules\catalog\application\CreateCategoryUseCase.java:29: error: cannot find symbol
            category.setIdPadre(request.getIdPadre());
                                       ^
  symbol:   method getIdPadre()
  location: variable request of type CreateCategoryRequest
C:\Users\sabas\Documentos\ecommerce-platform\src\main\java\com\ecommerce\modules\catalog\application\CreateCategoryUseCase.java:44: error: cannot find symbol
        return CategoryResponse.builder()
                               ^
  symbol:   method builder()
  location: class CategoryResponse
C:\Users\sabas\Documentos\ecommerce-platform\src\main\java\com\ecommerce\modules\catalog\application\CreateCategoryUseCase.java:45: error: cannot find symbol
                .id(category.getId())
                            ^
  symbol:   method getId()
  location: variable category of type Category
C:\Users\sabas\Documentos\ecommerce-platform\src\main\java\com\ecommerce\modules\catalog\application\CreateCategoryUseCase.java:46: error: cannot find symbol
                .nombre(category.getNombre())
                                ^
  symbol:   method getNombre()
  location: variable category of type Category
C:\Users\sabas\Documentos\ecommerce-platform\src\main\java\com\ecommerce\modules\catalog\application\CreateCategoryUseCase.java:47: error: cannot find symbol
                .slug(category.getSlug())
                              ^
  symbol:   method getSlug()
  location: variable category of type Category
C:\Users\sabas\Documentos\ecommerce-platform\src\main\java\com\ecommerce\modules\catalog\application\CreateCategoryUseCase.java:48: error: cannot find symbol
                .descripcion(category.getDescripcion())
                                     ^
  symbol:   method getDescripcion()
  location: variable category of type Category
C:\Users\sabas\Documentos\ecommerce-platform\src\main\java\com\ecommerce\modules\catalog\application\CreateCategoryUseCase.java:49: error: cannot find symbol
                .urlImagen(category.getUrlImagen())
                                   ^
  symbol:   method getUrlImagen()
  location: variable category of type Category
C:\Users\sabas\Documentos\ecommerce-platform\src\main\java\com\ecommerce\modules\catalog\application\CreateCategoryUseCase.java:50: error: cannot find symbol
                .idPadre(category.getIdPadre())
                                 ^
  symbol:   method getIdPadre()
  location: variable category of type Category
C:\Users\sabas\Documentos\ecommerce-platform\src\main\java\com\ecommerce\modules\catalog\application\CreateCategoryUseCase.java:51: error: cannot find symbol
                .children(category.getChildren() != null ? category.getChildren().stream()
                                  ^
  symbol:   method getChildren()
  location: variable category of type Category
C:\Users\sabas\Documentos\ecommerce-platform\src\main\java\com\ecommerce\modules\catalog\application\CreateCategoryUseCase.java:51: error: cannot find symbol
                .children(category.getChildren() != null ? category.getChildren().stream()
                                                                   ^
  symbol:   method getChildren()
  location: variable category of type Category
C:\Users\sabas\Documentos\ecommerce-platform\src\main\java\com\ecommerce\modules\catalog\application\CreateCategoryUseCase.java:57: error: cannot find symbol
        return CategoryResponse.builder()
                               ^
  symbol:   method builder()
  location: class CategoryResponse
C:\Users\sabas\Documentos\ecommerce-platform\src\main\java\com\ecommerce\modules\catalog\application\CreateCategoryUseCase.java:58: error: cannot find symbol
                .id(category.getId())
                            ^
  symbol:   method getId()
  location: variable category of type Category
C:\Users\sabas\Documentos\ecommerce-platform\src\main\java\com\ecommerce\modules\catalog\application\CreateCategoryUseCase.java:59: error: cannot find symbol
                .nombre(category.getNombre())
                                ^
  symbol:   method getNombre()
  location: variable category of type Category
C:\Users\sabas\Documentos\ecommerce-platform\src\main\java\com\ecommerce\modules\catalog\application\CreateCategoryUseCase.java:60: error: cannot find symbol
                .slug(category.getSlug())
                              ^
  symbol:   method getSlug()
  location: variable category of type Category
C:\Users\sabas\Documentos\ecommerce-platform\src\main\java\com\ecommerce\modules\catalog\application\CreateCategoryUseCase.java:61: error: cannot find symbol
                .descripcion(category.getDescripcion())
                                     ^
  symbol:   method getDescripcion()
  location: variable category of type Category
C:\Users\sabas\Documentos\ecommerce-platform\src\main\java\com\ecommerce\modules\catalog\application\CreateCategoryUseCase.java:62: error: cannot find symbol
                .urlImagen(category.getUrlImagen())
                                   ^
  symbol:   method getUrlImagen()
  location: variable category of type Category
C:\Users\sabas\Documentos\ecommerce-platform\src\main\java\com\ecommerce\modules\catalog\application\CreateCategoryUseCase.java:63: error: cannot find symbol
                .idPadre(category.getIdPadre())
                                 ^
  symbol:   method getIdPadre()
  location: variable category of type Category
C:\Users\sabas\Documentos\ecommerce-platform\src\main\java\com\ecommerce\modules\catalog\application\CreateProductUseCase.java:35: error: cannot find symbol
        product.setIdTienda(idTienda);
               ^
  symbol:   method setIdTienda(UUID)
  location: variable product of type Product
C:\Users\sabas\Documentos\ecommerce-platform\src\main\java\com\ecommerce\modules\catalog\application\CreateProductUseCase.java:36: error: cannot find symbol
        product.setNombre(request.getNombre());
                                 ^
  symbol:   method getNombre()
  location: variable request of type CreateProductRequest
C:\Users\sabas\Documentos\ecommerce-platform\src\main\java\com\ecommerce\modules\catalog\application\CreateProductUseCase.java:37: error: cannot find symbol
        product.setSlug(request.getSlug());
                               ^
  symbol:   method getSlug()
  location: variable request of type CreateProductRequest
C:\Users\sabas\Documentos\ecommerce-platform\src\main\java\com\ecommerce\modules\catalog\application\CreateProductUseCase.java:38: error: cannot find symbol
        product.setDescripcion(request.getDescripcion());
                                      ^
  symbol:   method getDescripcion()
  location: variable request of type CreateProductRequest
C:\Users\sabas\Documentos\ecommerce-platform\src\main\java\com\ecommerce\modules\catalog\application\CreateProductUseCase.java:39: error: cannot find symbol
        product.setPrecio(Money.of(request.getPrecio(), request.getMoneda()));
                                          ^
  symbol:   method getPrecio()
  location: variable request of type CreateProductRequest
C:\Users\sabas\Documentos\ecommerce-platform\src\main\java\com\ecommerce\modules\catalog\application\CreateProductUseCase.java:39: error: cannot find symbol
        product.setPrecio(Money.of(request.getPrecio(), request.getMoneda()));
                                                               ^
  symbol:   method getMoneda()
  location: variable request of type CreateProductRequest
C:\Users\sabas\Documentos\ecommerce-platform\src\main\java\com\ecommerce\modules\catalog\application\CreateProductUseCase.java:41: error: cannot find symbol
        if (request.getPrecioComparacion() != null) {
                   ^
  symbol:   method getPrecioComparacion()
  location: variable request of type CreateProductRequest
C:\Users\sabas\Documentos\ecommerce-platform\src\main\java\com\ecommerce\modules\catalog\application\CreateProductUseCase.java:42: error: cannot find symbol
            product.setPrecioComparacion(Money.of(request.getPrecioComparacion(), request.getMoneda()));
                                                         ^
  symbol:   method getPrecioComparacion()
  location: variable request of type CreateProductRequest
C:\Users\sabas\Documentos\ecommerce-platform\src\main\java\com\ecommerce\modules\catalog\application\CreateProductUseCase.java:42: error: cannot find symbol
            product.setPrecioComparacion(Money.of(request.getPrecioComparacion(), request.getMoneda()));
                                                                                         ^
  symbol:   method getMoneda()
  location: variable request of type CreateProductRequest
C:\Users\sabas\Documentos\ecommerce-platform\src\main\java\com\ecommerce\modules\catalog\application\CreateProductUseCase.java:44: error: cannot find symbol
        if (request.getPrecioCosto() != null) {
                   ^
  symbol:   method getPrecioCosto()
  location: variable request of type CreateProductRequest
C:\Users\sabas\Documentos\ecommerce-platform\src\main\java\com\ecommerce\modules\catalog\application\CreateProductUseCase.java:45: error: cannot find symbol
            product.setPrecioCosto(Money.of(request.getPrecioCosto(), request.getMoneda()));
                                                   ^
  symbol:   method getPrecioCosto()
  location: variable request of type CreateProductRequest
C:\Users\sabas\Documentos\ecommerce-platform\src\main\java\com\ecommerce\modules\catalog\application\CreateProductUseCase.java:45: error: cannot find symbol
            product.setPrecioCosto(Money.of(request.getPrecioCosto(), request.getMoneda()));
                                                                             ^
  symbol:   method getMoneda()
  location: variable request of type CreateProductRequest
C:\Users\sabas\Documentos\ecommerce-platform\src\main\java\com\ecommerce\modules\catalog\application\CreateProductUseCase.java:48: error: cannot find symbol
        product.setSku(request.getSku());
                              ^
  symbol:   method getSku()
  location: variable request of type CreateProductRequest
C:\Users\sabas\Documentos\ecommerce-platform\src\main\java\com\ecommerce\modules\catalog\application\CreateProductUseCase.java:49: error: cannot find symbol
        product.setCodigoBarras(request.getCodigoBarras());
                                       ^
  symbol:   method getCodigoBarras()
  location: variable request of type CreateProductRequest
C:\Users\sabas\Documentos\ecommerce-platform\src\main\java\com\ecommerce\modules\catalog\application\CreateProductUseCase.java:50: error: cannot find symbol
        product.setInventario(request.getInventario());
                                     ^
  symbol:   method getInventario()
  location: variable request of type CreateProductRequest
C:\Users\sabas\Documentos\ecommerce-platform\src\main\java\com\ecommerce\modules\catalog\application\CreateProductUseCase.java:51: error: cannot find symbol
        product.setRastreoInventarioHabilitado(request.isRastreoInventarioHabilitado());
                                                      ^
  symbol:   method isRastreoInventarioHabilitado()
  location: variable request of type CreateProductRequest
C:\Users\sabas\Documentos\ecommerce-platform\src\main\java\com\ecommerce\modules\catalog\application\CreateProductUseCase.java:52: error: cannot find symbol
        product.setEstado(ProductStatus.DRAFT);

[Incubating] Problems report is available at: file:///C:/Users/sabas/Documentos/ecommerce-platform/build/reports/problems/problems-report.html
               ^
  symbol:   method setEstado(ProductStatus)
  location: variable product of type Product
C:\Users\sabas\Documentos\ecommerce-platform\src\main\java\com\ecommerce\modules\catalog\application\CreateProductUseCase.java:54: error: cannot find symbol
        if (request.getIdCategoria() != null) {
                   ^
  symbol:   method getIdCategoria()
  location: variable request of type CreateProductRequest
C:\Users\sabas\Documentos\ecommerce-platform\src\main\java\com\ecommerce\modules\catalog\application\CreateProductUseCase.java:55: error: cannot find symbol
            product.setIdCategoria(request.getIdCategoria());
                                          ^
  symbol:   method getIdCategoria()
  location: variable request of type CreateProductRequest
C:\Users\sabas\Documentos\ecommerce-platform\src\main\java\com\ecommerce\modules\catalog\application\CreateProductUseCase.java:68: error: cannot find symbol
        return ProductResponse.builder()
                              ^
  symbol:   method builder()
  location: class ProductResponse
C:\Users\sabas\Documentos\ecommerce-platform\src\main\java\com\ecommerce\modules\catalog\application\CreateProductUseCase.java:69: error: cannot find symbol
                .id(product.getId())
                           ^
  symbol:   method getId()
  location: variable product of type Product
C:\Users\sabas\Documentos\ecommerce-platform\src\main\java\com\ecommerce\modules\catalog\application\CreateProductUseCase.java:70: error: cannot find symbol
                .idTienda(product.getIdTienda())
                                 ^
  symbol:   method getIdTienda()
  location: variable product of type Product
C:\Users\sabas\Documentos\ecommerce-platform\src\main\java\com\ecommerce\modules\catalog\application\CreateProductUseCase.java:71: error: cannot find symbol
                .nombre(product.getNombre())
                               ^
  symbol:   method getNombre()
  location: variable product of type Product
C:\Users\sabas\Documentos\ecommerce-platform\src\main\java\com\ecommerce\modules\catalog\application\CreateProductUseCase.java:72: error: cannot find symbol
                .slug(product.getSlug())
                             ^
  symbol:   method getSlug()
  location: variable product of type Product
C:\Users\sabas\Documentos\ecommerce-platform\src\main\java\com\ecommerce\modules\catalog\application\CreateProductUseCase.java:73: error: cannot find symbol
                .descripcion(product.getDescripcion())
                                    ^
  symbol:   method getDescripcion()
  location: variable product of type Product
100 errors

FAILURE: Build failed with an exception.

* What went wrong:
Execution failed for task ':compileJava'.
> Compilation failed; see the compiler output below.
  C:\Users\sabas\Documentos\ecommerce-platform\src\main\java\com\ecommerce\modules\order\domain\OrderStatusHistory.java:16: error: class OrderHistorialEstados is public, should be declared in a file named 
OrderHistorialEstados.java
  public class OrderHistorialEstados extends BaseEntity {
         ^
  C:\Users\sabas\Documentos\ecommerce-platform\src\main\java\com\ecommerce\modules\shared\domain\TenantAwareEntity.java:15: error: cannot find symbol
  @FilterDef(nombre = "tenantFilter", parameters = @ParamDef(nombre = "idTienda", type = UUID.class))
             ^
    symbol:   method nombre()
    location: @interface FilterDef
  C:\Users\sabas\Documentos\ecommerce-platform\src\main\java\com\ecommerce\modules\shared\domain\TenantAwareEntity.java:15: error: cannot find symbol
  @FilterDef(nombre = "tenantFilter", parameters = @ParamDef(nombre = "idTienda", type = UUID.class))
                                                             ^
    symbol:   method nombre()
    location: @interface ParamDef
  C:\Users\sabas\Documentos\ecommerce-platform\src\main\java\com\ecommerce\modules\shared\domain\TenantAwareEntity.java:16: error: cannot find symbol
  @Filter(nombre = "tenantFilter", condition = "tenant_id = :idTienda")
          ^
    symbol:   method nombre()
    location: @interface Filter
  C:\Users\sabas\Documentos\ecommerce-platform\src\main\java\com\ecommerce\modules\identity\domain\User.java:46: error: cannot find symbol
      @CollectionTable(nombre = "user_roles", joinColumns = @JoinColumn(name = "user_id"))
                       ^
    symbol:   method nombre()
    location: @interface CollectionTable
  C:\Users\sabas\Documentos\ecommerce-platform\src\main\java\com\ecommerce\modules\shared\infrastructure\OpenApiConfig.java:17: error: cannot find symbol
                  descripcion = "Documentaci├│n de la API para la Plataforma SaaS Multi-Tenant de E-Commerce",
                  ^
    symbol:   method descripcion()
    location: @interface Info
  C:\Users\sabas\Documentos\ecommerce-platform\src\main\java\com\ecommerce\modules\shared\infrastructure\OpenApiConfig.java:20: error: cannot find symbol
                          nombre = "Soporte T├®cnico",
                          ^
    symbol:   method nombre()
    location: @interface Contact
  C:\Users\sabas\Documentos\ecommerce-platform\src\main\java\com\ecommerce\modules\shared\infrastructure\OpenApiConfig.java:26: error: cannot find symbol
                          descripcion = "Entorno Local",
                          ^
    symbol:   method descripcion()
    location: @interface Server
  C:\Users\sabas\Documentos\ecommerce-platform\src\main\java\com\ecommerce\modules\shared\infrastructure\OpenApiConfig.java:31: error: cannot find symbol
                  @SecurityRequirement(nombre = "bearerAuth")
                                       ^
    symbol:   method nombre()
    location: @interface SecurityRequirement
  C:\Users\sabas\Documentos\ecommerce-platform\src\main\java\com\ecommerce\modules\shared\infrastructure\OpenApiConfig.java:35: error: cannot find symbol
          nombre = "bearerAuth",
          ^
    symbol:   method nombre()
    location: @interface SecurityScheme
  C:\Users\sabas\Documentos\ecommerce-platform\src\main\java\com\ecommerce\modules\shared\infrastructure\OpenApiConfig.java:36: error: cannot find symbol
          descripcion = "Autenticaci├│n por Token JWT. Por favor ingrese su token JWT abajo. No incluya el prefijo 'Bearer ', se a├▒ade autom├íticamente.",
          ^
    symbol:   method descripcion()
    location: @interface SecurityScheme
  C:\Users\sabas\Documentos\ecommerce-platform\src\main\java\com\ecommerce\modules\shared\domain\TenantAwareEntity.java:15: error: annotation @ParamDef is missing a default value for the element 'name'
  @FilterDef(nombre = "tenantFilter", parameters = @ParamDef(nombre = "idTienda", type = UUID.class))
                                                   ^
  C:\Users\sabas\Documentos\ecommerce-platform\src\main\java\com\ecommerce\modules\shared\domain\TenantAwareEntity.java:15: error: annotation @FilterDef is missing a default value for the element 'name'
  @FilterDef(nombre = "tenantFilter", parameters = @ParamDef(nombre = "idTienda", type = UUID.class))
  ^
  C:\Users\sabas\Documentos\ecommerce-platform\src\main\java\com\ecommerce\modules\shared\domain\TenantAwareEntity.java:16: error: annotation @Filter is missing a default value for the element 'name'
  @Filter(nombre = "tenantFilter", condition = "tenant_id = :idTienda")
  ^
  C:\Users\sabas\Documentos\ecommerce-platform\src\main\java\com\ecommerce\modules\shared\infrastructure\OpenApiConfig.java:31: error: annotation @SecurityRequirement is missing a default value for the 
element 'name'
                  @SecurityRequirement(nombre = "bearerAuth")
                  ^
  C:\Users\sabas\Documentos\ecommerce-platform\src\main\java\com\ecommerce\modules\cart\application\CartService.java:37: error: cannot find symbol
              cart.setId(key);
                  ^
    symbol:   method setId(String)
    location: variable cart of type Cart
  C:\Users\sabas\Documentos\ecommerce-platform\src\main\java\com\ecommerce\modules\cart\application\CartService.java:38: error: cannot find symbol
              cart.setIdTienda(idTienda);
                  ^
    symbol:   method setIdTienda(UUID)
    location: variable cart of type Cart
  C:\Users\sabas\Documentos\ecommerce-platform\src\main\java\com\ecommerce\modules\cart\application\CartService.java:48: error: cannot find symbol
              cart.setId(key);
                  ^
    symbol:   method setId(String)
    location: variable cart of type Cart
  C:\Users\sabas\Documentos\ecommerce-platform\src\main\java\com\ecommerce\modules\cart\application\CartService.java:49: error: cannot find symbol
              cart.setIdTienda(idTienda);
                  ^
    symbol:   method setIdTienda(UUID)
    location: variable cart of type Cart
  C:\Users\sabas\Documentos\ecommerce-platform\src\main\java\com\ecommerce\modules\cart\application\CartService.java:94: error: cannot find symbol
          guestCart.getArticulos().forEach(userCart::agregarArticulo);
                   ^
    symbol:   method getArticulos()
    location: variable guestCart of type Cart
  C:\Users\sabas\Documentos\ecommerce-platform\src\main\java\com\ecommerce\modules\cart\application\CartService.java:100: error: cannot find symbol
          Product product = productRepository.findById(item.getIdProducto())
                                                           ^
    symbol:   method getIdProducto()
    location: variable item of type CartItem
  C:\Users\sabas\Documentos\ecommerce-platform\src\main\java\com\ecommerce\modules\cart\application\CartService.java:101: error: cannot find symbol
                  .orElseThrow(() -> new EntityNotFoundException("Product", item.getIdProducto()));
                                                                                ^
    symbol:   method getIdProducto()
    location: variable item of type CartItem
  C:\Users\sabas\Documentos\ecommerce-platform\src\main\java\com\ecommerce\modules\cart\application\CartService.java:103: error: cannot find symbol
          if (!product.getIdTienda().equals(item.getIdTienda())) {
                      ^
    symbol:   method getIdTienda()
    location: variable product of type Product
  C:\Users\sabas\Documentos\ecommerce-platform\src\main\java\com\ecommerce\modules\cart\application\CartService.java:103: error: cannot find symbol
          if (!product.getIdTienda().equals(item.getIdTienda())) {
                                                ^
    symbol:   method getIdTienda()
    location: variable item of type CartItem
  C:\Users\sabas\Documentos\ecommerce-platform\src\main\java\com\ecommerce\modules\cart\application\CartService.java:124: error: cannot find symbol
              redisTemplate.opsForValue().set(cart.getId(), cart, CART_TTL);
                                                  ^
    symbol:   method getId()
    location: variable cart of type Cart
  C:\Users\sabas\Documentos\ecommerce-platform\src\main\java\com\ecommerce\modules\cart\application\CartService.java:126: error: cannot find symbol
              log.error("Failed to save cart to Redis: {}", cart.getId(), e);
                                                                ^
    symbol:   method getId()
    location: variable cart of type Cart
  C:\Users\sabas\Documentos\ecommerce-platform\src\main\java\com\ecommerce\modules\catalog\domain\Product.java:119: error: cannot find symbol
                  this.getId(),
                      ^
    symbol: method getId()
  C:\Users\sabas\Documentos\ecommerce-platform\src\main\java\com\ecommerce\modules\catalog\domain\Product.java:120: error: cannot find symbol
                  this.getIdTienda(),
                      ^
    symbol: method getIdTienda()
  C:\Users\sabas\Documentos\ecommerce-platform\src\main\java\com\ecommerce\modules\catalog\domain\Product.java:121: error: cannot find symbol
                  this.getNombre(),
                      ^
    symbol: method getNombre()
  C:\Users\sabas\Documentos\ecommerce-platform\src\main\java\com\ecommerce\modules\catalog\domain\Product.java:122: error: cannot find symbol
                  this.getSlug(),
                      ^
    symbol: method getSlug()
  C:\Users\sabas\Documentos\ecommerce-platform\src\main\java\com\ecommerce\modules\catalog\domain\Product.java:123: error: cannot find symbol
                  this.getDescripcion(),
                      ^
    symbol: method getDescripcion()
  C:\Users\sabas\Documentos\ecommerce-platform\src\main\java\com\ecommerce\modules\catalog\domain\Product.java:124: error: cannot find symbol
                  this.getEstado().nombre()
                      ^
    symbol: method getEstado()
  C:\Users\sabas\Documentos\ecommerce-platform\src\main\java\com\ecommerce\modules\cart\domain\Cart.java:32: error: cannot find symbol
          Optional<CartItem> existing = encontrarArticulo(nuevoArticulo.getIdProducto(), nuevoArticulo.getIdVariante());
                                                                       ^
    symbol:   method getIdProducto()
    location: variable nuevoArticulo of type CartItem
  C:\Users\sabas\Documentos\ecommerce-platform\src\main\java\com\ecommerce\modules\cart\domain\Cart.java:32: error: cannot find symbol
          Optional<CartItem> existing = encontrarArticulo(nuevoArticulo.getIdProducto(), nuevoArticulo.getIdVariante());
                                                                                                      ^
    symbol:   method getIdVariante()
    location: variable nuevoArticulo of type CartItem
  C:\Users\sabas\Documentos\ecommerce-platform\src\main\java\com\ecommerce\modules\cart\domain\Cart.java:35: error: cannot find symbol
              item.setCantidad(item.getCantidad() + nuevoArticulo.getCantidad());
                                   ^
    symbol:   method getCantidad()
    location: variable item of type CartItem
  C:\Users\sabas\Documentos\ecommerce-platform\src\main\java\com\ecommerce\modules\cart\domain\Cart.java:35: error: cannot find symbol
              item.setCantidad(item.getCantidad() + nuevoArticulo.getCantidad());
                                                                 ^
    symbol:   method getCantidad()
    location: variable nuevoArticulo of type CartItem
  C:\Users\sabas\Documentos\ecommerce-platform\src\main\java\com\ecommerce\modules\cart\domain\Cart.java:43: error: cannot find symbol
                  item.getIdProducto().equals(idProducto) &&
                      ^
    symbol:   method getIdProducto()
    location: variable item of type CartItem
  C:\Users\sabas\Documentos\ecommerce-platform\src\main\java\com\ecommerce\modules\cart\domain\Cart.java:44: error: cannot find symbol
                          (idVariante == null || idVariante.equals(item.getIdVariante())));
                                                                       ^
    symbol:   method getIdVariante()
    location: variable item of type CartItem
  C:\Users\sabas\Documentos\ecommerce-platform\src\main\java\com\ecommerce\modules\cart\domain\Cart.java:52: error: cannot find symbol
          encontrarArticulo(idProducto, idVariante).ifPresent(item -> item.setCantidad(cantidad));
                                                                          ^
    symbol:   method setCantidad(int)
    location: variable item of type CartItem
  C:\Users\sabas\Documentos\ecommerce-platform\src\main\java\com\ecommerce\modules\cart\domain\Cart.java:56: error: cannot find symbol
          articulos.limpiar();
                   ^
    symbol:   method limpiar()
    location: variable articulos of type List<CartItem>
  C:\Users\sabas\Documentos\ecommerce-platform\src\main\java\com\ecommerce\modules\cart\domain\Cart.java:60: error: invalid method reference
          return articulos.stream().mapToInt(CartItem::getCantidad).sum();
                                             ^
    cannot find symbol
      symbol:   method getCantidad(T)
      location: class CartItem
    where T is a type-variable:
      T extends Object declared in interface Stream
  C:\Users\sabas\Documentos\ecommerce-platform\src\main\java\com\ecommerce\modules\cart\domain\Cart.java:74: error: cannot find symbol
          return articulos.estaVacio();
                          ^
    symbol:   method estaVacio()
    location: variable articulos of type List<CartItem>
  C:\Users\sabas\Documentos\ecommerce-platform\src\main\java\com\ecommerce\modules\cart\domain\Cart.java:80: error: cannot find symbol
                      boolean sameProduct = item.getIdProducto().equals(idProducto);
                                                ^
    symbol:   method getIdProducto()
    location: variable item of type CartItem
  C:\Users\sabas\Documentos\ecommerce-platform\src\main\java\com\ecommerce\modules\cart\domain\Cart.java:81: error: cannot find symbol
                      boolean sameVariant = (idVariante == null && item.getIdVariante() == null) ||
                                                                       ^
    symbol:   method getIdVariante()
    location: variable item of type CartItem
  C:\Users\sabas\Documentos\ecommerce-platform\src\main\java\com\ecommerce\modules\cart\domain\Cart.java:82: error: cannot find symbol
                              (idVariante != null && idVariante.equals(item.getIdVariante()));
                                                                           ^
    symbol:   method getIdVariante()
    location: variable item of type CartItem
  C:\Users\sabas\Documentos\ecommerce-platform\src\main\java\com\ecommerce\modules\catalog\domain\ProductVariant.java:53: error: cannot find symbol
          return product != null ? product.getPrecio() : null;
                                          ^
    symbol:   method getPrecio()
    location: variable product of type Product
  C:\Users\sabas\Documentos\ecommerce-platform\src\main\java\com\ecommerce\modules\cart\infrastructure\CartController.java:49: error: cannot find symbol
          item.setIdTienda(TenantContext.getIdTienda());
              ^
    symbol:   method setIdTienda(UUID)
    location: variable item of type CartItem
  C:\Users\sabas\Documentos\ecommerce-platform\src\main\java\com\ecommerce\modules\identity\application\CustomUserDetails.java:22: error: cannot find symbol
          this.userId = user.getId();
                            ^
    symbol:   method getId()
    location: variable user of type User
  C:\Users\sabas\Documentos\ecommerce-platform\src\main\java\com\ecommerce\modules\identity\application\CustomUserDetails.java:23: error: cannot find symbol
          this.correo = user.getCorreo();
                            ^
    symbol:   method getCorreo()
    location: variable user of type User
  C:\Users\sabas\Documentos\ecommerce-platform\src\main\java\com\ecommerce\modules\identity\application\CustomUserDetails.java:24: error: cannot find symbol
          this.contrasena = user.getHashContrasena();
                                ^
    symbol:   method getHashContrasena()
    location: variable user of type User
  C:\Users\sabas\Documentos\ecommerce-platform\src\main\java\com\ecommerce\modules\identity\application\CustomUserDetails.java:25: error: cannot find symbol
          this.enabled = user.isEnabled();
                             ^
    symbol:   method isEnabled()
    location: variable user of type User
  C:\Users\sabas\Documentos\ecommerce-platform\src\main\java\com\ecommerce\modules\identity\application\CustomUserDetails.java:26: error: cannot find symbol
          this.authorities = user.getRoles().stream()
                                 ^
    symbol:   method getRoles()
    location: variable user of type User
  C:\Users\sabas\Documentos\ecommerce-platform\src\main\java\com\ecommerce\modules\catalog\application\CreateCategoryUseCase.java:22: error: cannot find symbol
          category.setIdTienda(idTienda);
                  ^
    symbol:   method setIdTienda(UUID)
    location: variable category of type Category
  C:\Users\sabas\Documentos\ecommerce-platform\src\main\java\com\ecommerce\modules\catalog\application\CreateCategoryUseCase.java:23: error: cannot find symbol
          category.setNombre(request.getNombre());
                                    ^
    symbol:   method getNombre()
    location: variable request of type CreateCategoryRequest
  C:\Users\sabas\Documentos\ecommerce-platform\src\main\java\com\ecommerce\modules\catalog\application\CreateCategoryUseCase.java:24: error: cannot find symbol
          category.setSlug(request.getSlug());
                                  ^
    symbol:   method getSlug()
    location: variable request of type CreateCategoryRequest
  C:\Users\sabas\Documentos\ecommerce-platform\src\main\java\com\ecommerce\modules\catalog\application\CreateCategoryUseCase.java:25: error: cannot find symbol
          category.setDescripcion(request.getDescripcion());
                                         ^
    symbol:   method getDescripcion()
    location: variable request of type CreateCategoryRequest
  C:\Users\sabas\Documentos\ecommerce-platform\src\main\java\com\ecommerce\modules\catalog\application\CreateCategoryUseCase.java:26: error: cannot find symbol
          category.setUrlImagen(request.getUrlImagen());
                                       ^
    symbol:   method getUrlImagen()
    location: variable request of type CreateCategoryRequest
  C:\Users\sabas\Documentos\ecommerce-platform\src\main\java\com\ecommerce\modules\catalog\application\CreateCategoryUseCase.java:28: error: cannot find symbol
          if (request.getIdPadre() != null) {
                     ^
    symbol:   method getIdPadre()
    location: variable request of type CreateCategoryRequest
  C:\Users\sabas\Documentos\ecommerce-platform\src\main\java\com\ecommerce\modules\catalog\application\CreateCategoryUseCase.java:29: error: cannot find symbol
              category.setIdPadre(request.getIdPadre());
                                         ^
    symbol:   method getIdPadre()
    location: variable request of type CreateCategoryRequest
  C:\Users\sabas\Documentos\ecommerce-platform\src\main\java\com\ecommerce\modules\catalog\application\CreateCategoryUseCase.java:44: error: cannot find symbol
          return CategoryResponse.builder()
                                 ^
    symbol:   method builder()
    location: class CategoryResponse
  C:\Users\sabas\Documentos\ecommerce-platform\src\main\java\com\ecommerce\modules\catalog\application\CreateCategoryUseCase.java:45: error: cannot find symbol
                  .id(category.getId())
                              ^
    symbol:   method getId()
    location: variable category of type Category
  C:\Users\sabas\Documentos\ecommerce-platform\src\main\java\com\ecommerce\modules\catalog\application\CreateCategoryUseCase.java:46: error: cannot find symbol
                  .nombre(category.getNombre())
                                  ^
    symbol:   method getNombre()
    location: variable category of type Category
  C:\Users\sabas\Documentos\ecommerce-platform\src\main\java\com\ecommerce\modules\catalog\application\CreateCategoryUseCase.java:47: error: cannot find symbol
                  .slug(category.getSlug())
                                ^
    symbol:   method getSlug()
    location: variable category of type Category
  C:\Users\sabas\Documentos\ecommerce-platform\src\main\java\com\ecommerce\modules\catalog\application\CreateCategoryUseCase.java:48: error: cannot find symbol
                  .descripcion(category.getDescripcion())
                                       ^
    symbol:   method getDescripcion()
    location: variable category of type Category
  C:\Users\sabas\Documentos\ecommerce-platform\src\main\java\com\ecommerce\modules\catalog\application\CreateCategoryUseCase.java:49: error: cannot find symbol
                  .urlImagen(category.getUrlImagen())
                                     ^
    symbol:   method getUrlImagen()
    location: variable category of type Category
  C:\Users\sabas\Documentos\ecommerce-platform\src\main\java\com\ecommerce\modules\catalog\application\CreateCategoryUseCase.java:50: error: cannot find symbol
                  .idPadre(category.getIdPadre())
                                   ^
    symbol:   method getIdPadre()
    location: variable category of type Category
  C:\Users\sabas\Documentos\ecommerce-platform\src\main\java\com\ecommerce\modules\catalog\application\CreateCategoryUseCase.java:51: error: cannot find symbol
                  .children(category.getChildren() != null ? category.getChildren().stream()
                                    ^
    symbol:   method getChildren()
    location: variable category of type Category
  C:\Users\sabas\Documentos\ecommerce-platform\src\main\java\com\ecommerce\modules\catalog\application\CreateCategoryUseCase.java:51: error: cannot find symbol
                  .children(category.getChildren() != null ? category.getChildren().stream()
                                                                     ^
    symbol:   method getChildren()
    location: variable category of type Category
  C:\Users\sabas\Documentos\ecommerce-platform\src\main\java\com\ecommerce\modules\catalog\application\CreateCategoryUseCase.java:57: error: cannot find symbol
          return CategoryResponse.builder()
                                 ^
    symbol:   method builder()
    location: class CategoryResponse
  C:\Users\sabas\Documentos\ecommerce-platform\src\main\java\com\ecommerce\modules\catalog\application\CreateCategoryUseCase.java:58: error: cannot find symbol
                  .id(category.getId())
                              ^
    symbol:   method getId()
    location: variable category of type Category
  C:\Users\sabas\Documentos\ecommerce-platform\src\main\java\com\ecommerce\modules\catalog\application\CreateCategoryUseCase.java:59: error: cannot find symbol
                  .nombre(category.getNombre())
                                  ^
    symbol:   method getNombre()
    location: variable category of type Category
  C:\Users\sabas\Documentos\ecommerce-platform\src\main\java\com\ecommerce\modules\catalog\application\CreateCategoryUseCase.java:60: error: cannot find symbol
                  .slug(category.getSlug())
                                ^
    symbol:   method getSlug()
    location: variable category of type Category
  C:\Users\sabas\Documentos\ecommerce-platform\src\main\java\com\ecommerce\modules\catalog\application\CreateCategoryUseCase.java:61: error: cannot find symbol
                  .descripcion(category.getDescripcion())
                                       ^
    symbol:   method getDescripcion()
    location: variable category of type Category
  C:\Users\sabas\Documentos\ecommerce-platform\src\main\java\com\ecommerce\modules\catalog\application\CreateCategoryUseCase.java:62: error: cannot find symbol
                  .urlImagen(category.getUrlImagen())
                                     ^
    symbol:   method getUrlImagen()
    location: variable category of type Category
  C:\Users\sabas\Documentos\ecommerce-platform\src\main\java\com\ecommerce\modules\catalog\application\CreateCategoryUseCase.java:63: error: cannot find symbol
                  .idPadre(category.getIdPadre())
                                   ^
    symbol:   method getIdPadre()
    location: variable category of type Category
  C:\Users\sabas\Documentos\ecommerce-platform\src\main\java\com\ecommerce\modules\catalog\application\CreateProductUseCase.java:35: error: cannot find symbol
          product.setIdTienda(idTienda);
                 ^
    symbol:   method setIdTienda(UUID)
    location: variable product of type Product
  C:\Users\sabas\Documentos\ecommerce-platform\src\main\java\com\ecommerce\modules\catalog\application\CreateProductUseCase.java:36: error: cannot find symbol
          product.setNombre(request.getNombre());
                                   ^
    symbol:   method getNombre()
    location: variable request of type CreateProductRequest
  C:\Users\sabas\Documentos\ecommerce-platform\src\main\java\com\ecommerce\modules\catalog\application\CreateProductUseCase.java:37: error: cannot find symbol
          product.setSlug(request.getSlug());
                                 ^
    symbol:   method getSlug()
    location: variable request of type CreateProductRequest
  C:\Users\sabas\Documentos\ecommerce-platform\src\main\java\com\ecommerce\modules\catalog\application\CreateProductUseCase.java:38: error: cannot find symbol
          product.setDescripcion(request.getDescripcion());
                                        ^
    symbol:   method getDescripcion()
    location: variable request of type CreateProductRequest
  C:\Users\sabas\Documentos\ecommerce-platform\src\main\java\com\ecommerce\modules\catalog\application\CreateProductUseCase.java:39: error: cannot find symbol
          product.setPrecio(Money.of(request.getPrecio(), request.getMoneda()));
                                            ^
    symbol:   method getPrecio()
    location: variable request of type CreateProductRequest
  C:\Users\sabas\Documentos\ecommerce-platform\src\main\java\com\ecommerce\modules\catalog\application\CreateProductUseCase.java:39: error: cannot find symbol
          product.setPrecio(Money.of(request.getPrecio(), request.getMoneda()));
                                                                 ^
    symbol:   method getMoneda()
    location: variable request of type CreateProductRequest
  C:\Users\sabas\Documentos\ecommerce-platform\src\main\java\com\ecommerce\modules\catalog\application\CreateProductUseCase.java:41: error: cannot find symbol
          if (request.getPrecioComparacion() != null) {
                     ^
    symbol:   method getPrecioComparacion()
    location: variable request of type CreateProductRequest
  C:\Users\sabas\Documentos\ecommerce-platform\src\main\java\com\ecommerce\modules\catalog\application\CreateProductUseCase.java:42: error: cannot find symbol
              product.setPrecioComparacion(Money.of(request.getPrecioComparacion(), request.getMoneda()));
                                                           ^
    symbol:   method getPrecioComparacion()
    location: variable request of type CreateProductRequest
  C:\Users\sabas\Documentos\ecommerce-platform\src\main\java\com\ecommerce\modules\catalog\application\CreateProductUseCase.java:42: error: cannot find symbol
              product.setPrecioComparacion(Money.of(request.getPrecioComparacion(), request.getMoneda()));
                                                                                           ^
    symbol:   method getMoneda()
    location: variable request of type CreateProductRequest
  C:\Users\sabas\Documentos\ecommerce-platform\src\main\java\com\ecommerce\modules\catalog\application\CreateProductUseCase.java:44: error: cannot find symbol
          if (request.getPrecioCosto() != null) {
                     ^
    symbol:   method getPrecioCosto()
    location: variable request of type CreateProductRequest
  C:\Users\sabas\Documentos\ecommerce-platform\src\main\java\com\ecommerce\modules\catalog\application\CreateProductUseCase.java:45: error: cannot find symbol
              product.setPrecioCosto(Money.of(request.getPrecioCosto(), request.getMoneda()));
                                                     ^
    symbol:   method getPrecioCosto()
    location: variable request of type CreateProductRequest
  C:\Users\sabas\Documentos\ecommerce-platform\src\main\java\com\ecommerce\modules\catalog\application\CreateProductUseCase.java:45: error: cannot find symbol
              product.setPrecioCosto(Money.of(request.getPrecioCosto(), request.getMoneda()));
                                                                               ^
    symbol:   method getMoneda()
    location: variable request of type CreateProductRequest
  C:\Users\sabas\Documentos\ecommerce-platform\src\main\java\com\ecommerce\modules\catalog\application\CreateProductUseCase.java:48: error: cannot find symbol
          product.setSku(request.getSku());
                                ^
    symbol:   method getSku()
    location: variable request of type CreateProductRequest
  C:\Users\sabas\Documentos\ecommerce-platform\src\main\java\com\ecommerce\modules\catalog\application\CreateProductUseCase.java:49: error: cannot find symbol
          product.setCodigoBarras(request.getCodigoBarras());
                                         ^
    symbol:   method getCodigoBarras()
    location: variable request of type CreateProductRequest
  C:\Users\sabas\Documentos\ecommerce-platform\src\main\java\com\ecommerce\modules\catalog\application\CreateProductUseCase.java:50: error: cannot find symbol
          product.setInventario(request.getInventario());
                                       ^
    symbol:   method getInventario()
    location: variable request of type CreateProductRequest
  C:\Users\sabas\Documentos\ecommerce-platform\src\main\java\com\ecommerce\modules\catalog\application\CreateProductUseCase.java:51: error: cannot find symbol
          product.setRastreoInventarioHabilitado(request.isRastreoInventarioHabilitado());
                                                        ^
    symbol:   method isRastreoInventarioHabilitado()
    location: variable request of type CreateProductRequest
  C:\Users\sabas\Documentos\ecommerce-platform\src\main\java\com\ecommerce\modules\catalog\application\CreateProductUseCase.java:52: error: cannot find symbol
          product.setEstado(ProductStatus.DRAFT);
                 ^
    symbol:   method setEstado(ProductStatus)
    location: variable product of type Product
  C:\Users\sabas\Documentos\ecommerce-platform\src\main\java\com\ecommerce\modules\catalog\application\CreateProductUseCase.java:54: error: cannot find symbol
          if (request.getIdCategoria() != null) {
                     ^
    symbol:   method getIdCategoria()
    location: variable request of type CreateProductRequest
  C:\Users\sabas\Documentos\ecommerce-platform\src\main\java\com\ecommerce\modules\catalog\application\CreateProductUseCase.java:55: error: cannot find symbol
              product.setIdCategoria(request.getIdCategoria());
                                            ^
    symbol:   method getIdCategoria()
    location: variable request of type CreateProductRequest
  C:\Users\sabas\Documentos\ecommerce-platform\src\main\java\com\ecommerce\modules\catalog\application\CreateProductUseCase.java:68: error: cannot find symbol
          return ProductResponse.builder()
                                ^
    symbol:   method builder()
    location: class ProductResponse
  C:\Users\sabas\Documentos\ecommerce-platform\src\main\java\com\ecommerce\modules\catalog\application\CreateProductUseCase.java:69: error: cannot find symbol
                  .id(product.getId())
                             ^
    symbol:   method getId()
    location: variable product of type Product
  C:\Users\sabas\Documentos\ecommerce-platform\src\main\java\com\ecommerce\modules\catalog\application\CreateProductUseCase.java:70: error: cannot find symbol
                  .idTienda(product.getIdTienda())
                                   ^
    symbol:   method getIdTienda()
    location: variable product of type Product
  C:\Users\sabas\Documentos\ecommerce-platform\src\main\java\com\ecommerce\modules\catalog\application\CreateProductUseCase.java:71: error: cannot find symbol
                  .nombre(product.getNombre())
                                 ^
    symbol:   method getNombre()
    location: variable product of type Product
  C:\Users\sabas\Documentos\ecommerce-platform\src\main\java\com\ecommerce\modules\catalog\application\CreateProductUseCase.java:72: error: cannot find symbol
                  .slug(product.getSlug())
                               ^
    symbol:   method getSlug()
    location: variable product of type Product
  C:\Users\sabas\Documentos\ecommerce-platform\src\main\java\com\ecommerce\modules\catalog\application\CreateProductUseCase.java:73: error: cannot find symbol
                  .descripcion(product.getDescripcion())
                                      ^
    symbol:   method getDescripcion()
    location: variable product of type Product
  100 errors

* Try:
> Check your code and dependencies to fix the compilation error(s)
> Run with --scan to get full insights.

BUILD FAILED in 9s
1 actionable task: 1 executed

C:\Users\sabas\Documentos\ecommerce-platform>if Windows_NT"=="Windows_NT" endlocal
La sintaxis del comando no es correcta.
