
C:\Users\sabas\Documentos\ecommerce-platform>if "Windows_NT" == "Windows_NT" setlocal

C:\Users\sabas\Documentos\ecommerce-platform>set DIRNAME=C:\Users\sabas\Documentos\ecommerce-platform\ 

C:\Users\sabas\Documentos\ecommerce-platform>if "C:\Users\sabas\Documentos\ecommerce-platform\" == "" set DIRNAME=. 

C:\Users\sabas\Documentos\ecommerce-platform>set APP_BASE_NAME=gradlew 

C:\Users\sabas\Documentos\ecommerce-platform>set APP_HOME=C:\Users\sabas\Documentos\ecommerce-platform\ 

C:\Users\sabas\Documentos\ecommerce-platform>for %i in ("C:\Users\sabas\Documentos\ecommerce-platform\") do set APP_HOME=%~fi 

C:\Users\sabas\Documentos\ecommerce-platform>set APP_HOME=C:\Users\sabas\Documentos\ecommerce-platform\ 

C:\Users\sabas\Documentos\ecommerce-platform>set DEFAULT_JVM_OPTS= 

C:\Users\sabas\Documentos\ecommerce-platform>if defined JAVA_HOME goto findJavaFromJavaHome 

C:\Users\sabas\Documentos\ecommerce-platform>set JAVA_HOME=C:\Program Files\Eclipse Adoptium\jdk-21.0.11.10-hotspot 

C:\Users\sabas\Documentos\ecommerce-platform>set JAVA_EXE=C:\Program Files\Eclipse Adoptium\jdk-21.0.11.10-hotspot/bin/java.exe 

C:\Users\sabas\Documentos\ecommerce-platform>if exist "C:\Program Files\Eclipse Adoptium\jdk-21.0.11.10-hotspot/bin/java.exe" goto execute 

C:\Users\sabas\Documentos\ecommerce-platform>set CLASSPATH=C:\Users\sabas\Documentos\ecommerce-platform\\gradle\wrapper\gradle-wrapper.jar 

C:\Users\sabas\Documentos\ecommerce-platform>"C:\Program Files\Eclipse Adoptium\jdk-21.0.11.10-hotspot/bin/java.exe"    "-Dorg.gradle.appname=gradlew" -classpath "C:\Users\sabas\Documentos\ecommerce-platform\\gradle\wrapper\gradle-wrapper.jar" org.gradle.wrapper.GradleWrapperMain classes testClasses 
Starting a Gradle Daemon, 2 busy and 1 incompatible and 8 stopped Daemons could not be reused, use --status for details

> Task :compileJava
.\gradlew.bat : C:\Users\sabas\Documentos\ecommerce-platform\src\main\java\com\ecommerce\modules\payment\infrastructure\StripeWebhookController.java:103: error: cannot find symbol
En línea: 1 Carácter: 121
+ ... lation.py ; .\gradlew.bat classes testClasses > compile_errors.txt 2> ...
+                 ~~~~~~~~~~~~~~~~~~~~~~~~~~~~~~~~~~~~~~~~~~~~~~~~~~~~~~~~~
    + CategoryInfo          : NotSpecified: (C:\Users\sabas\...not find symbol:String) [], RemoteException
    + FullyQualifiedErrorId : NativeCommandError
 
        payment.markAsCompleted(session.getPaymentIntent());
               ^
  symbol:   method markAsCompleted(String)
  location: variable payment of type Payment
C:\Users\sabas\Documentos\ecommerce-platform\src\main\java\com\ecommerce\modules\shared\infrastructure\RateLimitInterceptor.java:43: error: cannot find symbol
            response.setEstado(HttpStatus.TOO_MANY_REQUESTS.value());
                    ^
  symbol:   method setEstado(int)
  location: variable response of type HttpServletResponse
2 errors


> Task :compileJava FAILED

[Incubating] Problems report is available at: file:///C:/Users/sabas/Documentos/ecommerce-platform/build/reports/problems/problems-report.html
FAILURE: Build failed with an exception.

* What went wrong:
Execution failed for task ':compileJava'.
> Compilation failed; see the compiler output below.
  C:\Users\sabas\Documentos\ecommerce-platform\src\main\java\com\ecommerce\modules\payment\infrastructure\StripeWebhookController.java:103: error: cannot find symbol
          payment.markAsCompleted(session.getPaymentIntent());
                 ^
    symbol:   method markAsCompleted(String)
    location: variable payment of type Payment
  C:\Users\sabas\Documentos\ecommerce-platform\src\main\java\com\ecommerce\modules\shared\infrastructure\RateLimitInterceptor.java:43: error: cannot find symbol
              response.setEstado(HttpStatus.TOO_MANY_REQUESTS.value());
                      ^
    symbol:   method setEstado(int)
    location: variable response of type HttpServletResponse
  2 errors

* Try:
> Check your code and dependencies to fix the compilation error(s)
> Run with --scan to get full insights.

BUILD FAILED in 7s
1 actionable task: 1 executed
La sintaxis del comando no es correcta.

C:\Users\sabas\Documentos\ecommerce-platform>if Windows_NT"=="Windows_NT" endlocal
